// Jest Snapshot v1, https://goo.gl/fbAQLP

exports[`UI Components RoundButton should render as expected, without crashing (2) 1`] = `
.c0 {
  position: relative;
  display: inline-block;
}

.c0 .dropdown {
  position: absolute;
  right: auto;
  left: 0;
  top: NaNpx;
  box-shadow: 0 3px 6px hsla(0,0%,0%,0.15),0 2px 4px hsla(0,0%,0%,0.12);
  background: white;
  border-radius: 4px;
  border: 1px solid;
  z-index: 100;
}

<div
  className="c0"
>
  <div>
    <div
      id="trigger"
      onClick={[Function]}
    >
      trigger
    </div>
  </div>
</div>
`;
