// Jest Snapshot v1, https://goo.gl/fbAQLP

exports[`EOD Components Section should render as expected, without crashing 1`] = `
.c2 {
  font-size: 16px;
  -webkit-text-decoration: none;
  text-decoration: none;
  display: -webkit-inline-box;
  display: -webkit-inline-flex;
  display: -ms-inline-flexbox;
  display: inline-flex;
  -webkit-align-items: center;
  -webkit-box-align: center;
  -ms-flex-align: center;
  align-items: center;
  border: none;
  cursor: pointer;
  padding-left: 0;
  margin-left: 4px;
}

.c2:hover {
  -webkit-text-decoration: underline;
  text-decoration: underline;
}

.c2:focus {
  outline: none;
  box-shadow: 0 0 0 4px;
}

.c2:disabled {
  cursor: not-allowed;
}

.c0 {
  margin: 32px 0;
}

.c0 h1.title {
  font-size: 16px;
  font-weight: bold;
  margin-bottom: 12px;
}

.c1 {
  display: -webkit-box;
  display: -webkit-flex;
  display: -ms-flexbox;
  display: flex;
  -webkit-align-items: center;
  -webkit-box-align: center;
  -ms-flex-align: center;
  align-items: center;
  -webkit-box-pack: center;
  -webkit-justify-content: center;
  -ms-flex-pack: center;
  justify-content: center;
  border: 1px solid;
  border-radius: 4px;
  height: 96px;
  margin-bottom: 8px;
  background-color: white;
  font-size: 16px;
  font-style: italic;
}

<div
  className="c0"
>
  <h1
    className="title"
  >
    Title
  </h1>
  <div
    className="c1"
  >
    No tasks in section "
    <span>
      Title
    </span>
    "
  </div>
  <button
    className="c2"
    disabled={false}
    onClick={[Function]}
    size="medium"
    type="button"
  >
    <svg
      height={24}
      viewBox="0 0 24 24"
      width={24}
      xmlns="http://www.w3.org/2000/svg"
    >
      <path
        d="M17 11a1 1 0 0 1 0 2h-4v4a1 1 0 0 1-2 0v-4H7a1 1 0 0 1 0-2h4V7a1 1 0 0 1 2 0v4h4z"
        fill="#616E7C"
        fillRule="evenodd"
      />
    </svg>
     Add task
  </button>
</div>
`;
