// Jest Snapshot v1, https://goo.gl/fbAQLP

exports[`UI Components RoundButton should render as expected, without crashing 1`] = `
.c0 {
  display: inline-block;
  box-sizing: border-box;
  width: 18px;
  height: 18px;
  border-radius: 100%;
  border: 3px solid undefined;
  border-top-color: undefined;
  -webkit-animation: cZxgpV 500ms infinite linear;
  animation: cZxgpV 500ms infinite linear;
}

<span
  className="c0"
  size="small"
/>
`;
