// Jest Snapshot v1, https://goo.gl/fbAQLP

exports[`Section should render as expected, without crashing 1`] = `
.c3 {
  font-size: 16px;
  -webkit-text-decoration: none;
  text-decoration: none;
  display: -webkit-inline-box;
  display: -webkit-inline-flex;
  display: -ms-inline-flexbox;
  display: inline-flex;
  -webkit-align-items: center;
  -webkit-box-align: center;
  -ms-flex-align: center;
  align-items: center;
  border: none;
  cursor: pointer;
  padding-left: 0;
  margin-left: 4px;
}

.c3:hover {
  -webkit-text-decoration: underline;
  text-decoration: underline;
}

.c3:focus {
  outline: none;
  box-shadow: 0 0 0 4px;
}

.c3:disabled {
  cursor: not-allowed;
}

.c1 {
  font-size: 16px;
  font-weight: bold;
  margin-bottom: 12px;
}

.c0 {
  margin: 32px 0;
}

.c2 {
  margin-top: 12px;
}

<div
  className="c0"
>
  <h2
    className="c1"
  >
    Title
  </h2>
  <div
    data-test="Droppable"
  >
    Droppable
  </div>
  <button
    className="c2 c3"
    data-test="add-task-button"
    disabled={false}
    onClick={[Function]}
    size="medium"
    type="button"
  >
    <svg
      height={24}
      viewBox="0 0 24 24"
      width={24}
      xmlns="http://www.w3.org/2000/svg"
    >
      <path
        d="M17 11a1 1 0 0 1 0 2h-4v4a1 1 0 0 1-2 0v-4H7a1 1 0 0 1 0-2h4V7a1 1 0 0 1 2 0v4h4z"
        fill="#616E7C"
        fillRule="evenodd"
      />
    </svg>
     
    Add task
  </button>
</div>
`;
